2024-12-17 16:34:10:3410 [32minfo[39m
2024-12-17 16:35:14:3514 [32minfo[39m
2024-12-17 16:36:25:3625 [32minfo[39m: [32m[WINSTON] Request - POST /auth/login[39m

2024-12-17 16:36:38:3638 [32minfo[39m: [32m[WINSTON] Request - POST /auth/login[39m
2024-12-17 16:36:54:3654 [32minfo[39m:
 [32m[WINSTON] Request - POST /auth/login[39m
2024-12-17 16:37:04:374 [32minfo[39m:
[32m[WINSTON] Request - POST /auth/login[39m
2024-12-17 16:37:56:3756 [32minfo[39m:
[32m[WINSTON] Request - POST /auth/login[39m
2024-12-17 16:38:13:3813 [31merror[39m:
[31mExpected double-quoted property name in JSON at position 38 (line 4 column 1)[39m
<<<<<<< Updated upstream
=======
<<<<<<< Updated upstream
=======
2024-12-17 20:26:21:2621 [32minfo[39m:
[32m[WINSTON] Request - POST /auth/login[39m
2024-12-17 20:26:23:2623 [31merror[39m:
[31mUser not found[39m
2024-12-17 20:26:39:2639 [32minfo[39m:
[32m[WINSTON] Request - POST /auth/login[39m
2024-12-17 20:26:39:2639 [31merror[39m:
[31mUser not found[39m
2024-12-17 20:26:54:2654 [32minfo[39m:
[32m[WINSTON] Request - POST /auth/register[39m
2024-12-17 20:26:54:2654 [31merror[39m:
[31m"role" is not allowed[39m
2024-12-17 20:27:08:278 [32minfo[39m:
[32m[WINSTON] Request - POST /auth/register[39m
2024-12-17 20:27:33:2733 [32minfo[39m:
[32m[WINSTON] Request - POST /auth/register[39m
2024-12-17 20:28:04:284 [32minfo[39m:
[32m[WINSTON] Request - PATCH /users/42ca6354-9034-4815-9f13-7a374c687f5c/ADMIN[39m
2024-12-17 20:28:30:2830 [32minfo[39m:
[32m[WINSTON] Request - POST /auth/register[39m
2024-12-17 20:29:31:2931 [32minfo[39m:
[32m[WINSTON] Request - PATCH /user/42ca6354-9034-4815-9f13-7a374c687f5c/ADMIN[39m
2024-12-17 20:29:31:2931 [31merror[39m:
[31mMissing Auth Token[39m
2024-12-17 20:29:50:2950 [32minfo[39m:
[32m[WINSTON] Request - POST /auth/login[39m
2024-12-17 20:30:42:3042 [32minfo[39m:
[32m[WINSTON] Request - PATCH /user/46482df3-d3ea-4f31-ac1c-3c7b71a5c7b0/ADMIN[39m
2024-12-17 20:31:13:3113 [32minfo[39m:
[32m[WINSTON] Request - PUT /user/46482df3-d3ea-4f31-ac1c-3c7b71a5c7b0/ADMIN[39m
2024-12-17 20:31:29:3129 [32minfo[39m:
[32m[WINSTON] Request - GET /users[39m
2024-12-17 20:31:55:3155 [32minfo[39m:
[32m[WINSTON] Request - GET /users[39m
2024-12-17 20:31:59:3159 [32minfo[39m:
[32m[WINSTON] Request - GET /user[39m
2024-12-18 10:11:56:1156 [32minfo[39m:
[32m[WINSTON] Request - POST /projects[39m
2024-12-18 10:11:56:1156 [31merror[39m:
[31m"status" must be one of [DONE, ONGOING, PLANNED][39m
2024-12-18 10:13:36:1336 [32minfo[39m:
[32m[WINSTON] Request - POST /projects[39m
2024-12-18 10:14:19:1419 [32minfo[39m:
[32m[WINSTON] Request - GET /projects[39m
2024-12-18 10:14:58:1458 [32minfo[39m:
[32m[WINSTON] Request - GET /projects/703b139d-8d28-4142-afad-1c04b12df84c[39m
2024-12-18 10:14:58:1458 [31merror[39m:
[31m"value" must be of type object[39m
2024-12-18 10:15:52:1552 [32minfo[39m:
[32m[WINSTON] Request - GET /projects/703b139d-8d28-4142-afad-1c04b12df84c[39m
2024-12-18 10:15:52:1552 [31merror[39m:
[31m[39m
[31mInvalid `prisma.project.findUnique()` invocation in[39m
[31mD:\1. PUNYA ADEK\MSIB\Berijalan\Training_Node\templates\src\services\project.service.ts:39:57[39m

[31m  36 }[39m
[31m  37 [39m
[31m  38 const projectById = async (id: string) => {[39m
[31m→ 39     const project = await prisma.project.findUnique({[39m
[31m           where: {[39m
[31m             id: {[39m
[31m               id: "703b139d-8d28-4142-afad-1c04b12df84c"[39m
[31m             }[39m
[31m             ~~~~~~~~~~~~~~~~~~~~~~~~~~~~~~~~~~~~~~~~~~~~[39m
[31m           },[39m
[31m           select: {[39m
[31m             id: true,[39m
[31m             title: true,[39m
[31m             description: true,[39m
[31m             status: true,[39m
[31m             deadline: true,[39m
[31m             owner: {[39m
[31m               select: {[39m
[31m                 id: true,[39m
[31m                 name: true[39m
[31m               }[39m
[31m             },[39m
[31m             Task: true[39m
[31m           }[39m
[31m         })[39m

[31mArgument `id`: Invalid value provided. Expected String, provided Object.[39m
2024-12-18 10:17:10:1710 [32minfo[39m:
[32m[WINSTON] Request - GET /projects/703b139d-8d28-4142-afad-1c04b12df84c[39m
2024-12-18 10:17:10:1710 [31merror[39m:
[31m"value" must be of type object[39m
2024-12-18 10:18:11:1811 [32minfo[39m:
[32m[WINSTON] Request - GET /projects/703b139d-8d28-4142-afad-1c04b12df84c[39m
2024-12-18 10:18:11:1811 [31merror[39m:
[31m"value" must be of type object[39m
2024-12-18 10:19:39:1939 [32minfo[39m:
[32m[WINSTON] Request - GET /projects/703b139d-8d28-4142-afad-1c04b12df84c[39m
2024-12-18 10:20:56:2056 [32minfo[39m:
[32m[WINSTON] Request - PUT /projects/703b139d-8d28-4142-afad-1c04b12df84c[39m
2024-12-18 10:20:56:2056 [31merror[39m:
[31m"value" must be of type object undefined[39m
2024-12-18 10:23:37:2337 [32minfo[39m:
[32m[WINSTON] Request - PUT /projects/703b139d-8d28-4142-afad-1c04b12df84c[39m
2024-12-18 10:24:31:2431 [32minfo[39m:
[32m[WINSTON] Request - POST /projects[39m
2024-12-18 10:24:38:2438 [32minfo[39m:
[32m[WINSTON] Request - GET /projects[39m
2024-12-18 10:25:24:2524 [32minfo[39m:
[32m[WINSTON] Request - DELETE /projects/5221ba85-4c2c-4a11-8b6c-0407865d4c11[39m
2024-12-18 10:25:24:2524 [31merror[39m:
[31m"value" must be of type object[39m
2024-12-18 10:25:43:2543 [32minfo[39m:
[32m[WINSTON] Request - DELETE /projects/5221ba85-4c2c-4a11-8b6c-0407865d4c11[39m
2024-12-18 10:29:46:2946 [32minfo[39m:
[32m[WINSTON] Request - POST /projects/add-user[39m
2024-12-18 10:29:46:2946 [31merror[39m:
[31m"projectId" is required[39m
2024-12-18 10:31:11:3111 [32minfo[39m:
[32m[WINSTON] Request - GET /projects[39m
2024-12-18 10:32:16:3216 [32minfo[39m:
[32m[WINSTON] Request - POST /projects/add-user[39m
2024-12-18 10:36:09:369 [32minfo[39m:
[32m[WINSTON] Request - DELETE /projects/remove-user[39m
2024-12-18 10:36:09:369 [31merror[39m:
[31m[39m
[31mInvalid `prisma.project.delete()` invocation:[39m


[31mAn operation failed because it depends on one or more records that were required but not found. Record to delete does not exist.[39m
2024-12-18 10:37:52:3752 [32minfo[39m:
[32m[WINSTON] Request - DELETE /projects/remove-user[39m
2024-12-18 10:37:53:3753 [31merror[39m:
[31m[39m
[31mInvalid `prisma.project.delete()` invocation:[39m


[31mAn operation failed because it depends on one or more records that were required but not found. Record to delete does not exist.[39m
2024-12-18 10:40:08:408 [32minfo[39m:
[32m[WINSTON] Request - DELETE /projects/remove-user[39m
2024-12-18 10:40:08:408 [31merror[39m:
[31m[39m
[31mInvalid `prisma.project.delete()` invocation:[39m


[31mAn operation failed because it depends on one or more records that were required but not found. Record to delete does not exist.[39m
2024-12-18 10:40:54:4054 [32minfo[39m:
[32m[WINSTON] Request - DELETE /projects/remove-user[39m
2024-12-18 10:40:54:4054 [31merror[39m:
[31m[39m
[31mInvalid `prisma.project.delete()` invocation:[39m


[31mAn operation failed because it depends on one or more records that were required but not found. Record to delete does not exist.[39m
2024-12-18 10:43:15:4315 [32minfo[39m:
[32m[WINSTON] Request - DELETE /projects/remove-user[39m
2024-12-18 10:43:15:4315 [31merror[39m:
[31m[39m
[31mInvalid `prisma.project.delete()` invocation:[39m


[31mAn operation failed because it depends on one or more records that were required but not found. Record to delete does not exist.[39m
2024-12-18 10:45:40:4540 [32minfo[39m:
[32m[WINSTON] Request - DELETE /projects/remove-user[39m
2024-12-18 10:45:40:4540 [31merror[39m:
[31m[39m
[31mInvalid `prisma.project.delete()` invocation:[39m


[31mAn operation failed because it depends on one or more records that were required but not found. Record to delete does not exist.[39m
2024-12-18 10:46:32:4632 [32minfo[39m:
[32m[WINSTON] Request - DELETE /projects/remove-user[39m
2024-12-18 10:46:32:4632 [31merror[39m:
[31m[39m
[31mInvalid `prisma.project.delete()` invocation:[39m


[31mAn operation failed because it depends on one or more records that were required but not found. Record to delete does not exist.[39m
2024-12-18 10:47:42:4742 [32minfo[39m:
[32m[WINSTON] Request - DELETE /projects/remove-user[39m
2024-12-18 10:47:43:4743 [31merror[39m:
[31m[39m
[31mInvalid `prisma.project.delete()` invocation:[39m


[31mAn operation failed because it depends on one or more records that were required but not found. Record to delete does not exist.[39m
2024-12-18 10:51:15:5115 [32minfo[39m:
[32m[WINSTON] Request - DELETE /projects/remove-user[39m
2024-12-18 10:51:16:5116 [31merror[39m:
[31m[39m
[31mInvalid `prisma.project.delete()` invocation:[39m


[31mAn operation failed because it depends on one or more records that were required but not found. Record to delete does not exist.[39m
2024-12-18 10:51:38:5138 [32minfo[39m:
[32m[WINSTON] Request - POST /projects/add-user[39m
2024-12-18 10:52:17:5217 [32minfo[39m:
[32m[WINSTON] Request - DELETE /projects/remove-user[39m
2024-12-18 10:52:17:5217 [31merror[39m:
[31m[39m
[31mInvalid `prisma.project.delete()` invocation:[39m


[31mAn operation failed because it depends on one or more records that were required but not found. Record to delete does not exist.[39m
2024-12-18 10:54:16:5416 [32minfo[39m:
[32m[WINSTON] Request - DELETE /projects/remove-user[39m
2024-12-18 10:54:17:5417 [31merror[39m:
[31m[39m
[31mInvalid `prisma.project.delete()` invocation:[39m


[31mAn operation failed because it depends on one or more records that were required but not found. Record to delete does not exist.[39m
2024-12-18 10:56:57:5657 [32minfo[39m:
[32m[WINSTON] Request - DELETE /projects/remove-user[39m
2024-12-18 10:56:57:5657 [31merror[39m:
[31m[39m
[31mInvalid `prisma.project.delete()` invocation:[39m


[31mAn operation failed because it depends on one or more records that were required but not found. Record to delete does not exist.[39m
2024-12-18 10:58:18:5818 [32minfo[39m:
[32m[WINSTON] Request - DELETE /projects/remove-user[39m
2024-12-18 10:58:18:5818 [31merror[39m:
[31m[39m
[31mInvalid `prisma.project.delete()` invocation:[39m


[31mAn operation failed because it depends on one or more records that were required but not found. Record to delete does not exist.[39m
2024-12-18 10:59:28:5928 [32minfo[39m:
[32m[WINSTON] Request - DELETE /projects/remove-user[39m
2024-12-18 10:59:28:5928 [31merror[39m:
[31m[39m
[31mInvalid `prisma.project.delete()` invocation:[39m


[31mAn operation failed because it depends on one or more records that were required but not found. Record to delete does not exist.[39m
2024-12-18 10:59:36:5936 [32minfo[39m:
[32m[WINSTON] Request - DELETE /projects/remove-user[39m
2024-12-18 10:59:36:5936 [31merror[39m:
[31m[39m
[31mInvalid `prisma.project.delete()` invocation:[39m


[31mAn operation failed because it depends on one or more records that were required but not found. Record to delete does not exist.[39m
2024-12-18 10:59:48:5948 [32minfo[39m:
[32m[WINSTON] Request - DELETE /projects/remove-use[39m
2024-12-18 10:59:48:5948 [31merror[39m:
[31m[39m
[31mInvalid `prisma.project.delete()` invocation:[39m


[31mAn operation failed because it depends on one or more records that were required but not found. Record to delete does not exist.[39m
2024-12-18 11:00:22:022 [32minfo[39m:
[32m[WINSTON] Request - DELETE /projects/remove-user[39m
2024-12-18 11:00:22:022 [31merror[39m:
[31m[39m
[31mInvalid `prisma.project.delete()` invocation:[39m


[31mAn operation failed because it depends on one or more records that were required but not found. Record to delete does not exist.[39m
2024-12-18 11:03:41:341 [32minfo[39m:
[32m[WINSTON] Request - DELETE /projects/remove-user[39m
2024-12-18 11:03:41:341 [31merror[39m:
[31m[39m
[31mInvalid `prisma.project.delete()` invocation:[39m


[31mAn operation failed because it depends on one or more records that were required but not found. Record to delete does not exist.[39m
2024-12-18 11:12:00:120 [32minfo[39m:
[32m[WINSTON] Request - DELETE /projects/remove-user[39m
2024-12-18 11:12:00:120 [31merror[39m:
[31m[39m
[31mInvalid `prisma.project.delete()` invocation:[39m


[31mAn operation failed because it depends on one or more records that were required but not found. Record to delete does not exist.[39m
2024-12-18 11:14:43:1443 [32minfo[39m:
[32m[WINSTON] Request - DELETE /projects/remove-user[39m
2024-12-18 11:14:43:1443 [31merror[39m:
[31m[39m
[31mInvalid `prisma.project.delete()` invocation:[39m


[31mAn operation failed because it depends on one or more records that were required but not found. Record to delete does not exist.[39m
2024-12-18 11:22:16:2216 [32minfo[39m:
[32m[WINSTON] Request - DELETE /projects/remove-user[39m
2024-12-18 11:22:16:2216 [31merror[39m:
[31m[39m
[31mInvalid `prisma.project.delete()` invocation:[39m


[31mAn operation failed because it depends on one or more records that were required but not found. Record to delete does not exist.[39m
2024-12-18 11:22:40:2240 [32minfo[39m:
[32m[WINSTON] Request - DELETE /user-project/remove-user[39m
2024-12-18 11:22:40:2240 [31merror[39m:
[31m[39m
[31mInvalid `prisma.userProject.delete()` invocation:[39m

[31m{[39m
[31m  where: {[39m
[31m    id: {[39m
[31m      id: "67fe34d9-0cd8-499e-8313-0fdbc464b4cb"[39m
[31m    }[39m
[31m    ~~~~~~~~~~~~~~~~~~~~~~~~~~~~~~~~~~~~~~~~~~~~[39m
[31m  }[39m
[31m}[39m

[31mArgument `id`: Invalid value provided. Expected String, provided Object.[39m
2024-12-18 11:23:56:2356 [32minfo[39m:
[32m[WINSTON] Request - DELETE /user-project/remove-user[39m
2024-12-18 11:23:56:2356 [31merror[39m:
[31m[39m
[31mInvalid `prisma.userProject.delete()` invocation:[39m

[31m{[39m
[31m  where: {[39m
[31m    id: {[39m
[31m      id: "67fe34d9-0cd8-499e-8313-0fdbc464b4cb"[39m
[31m    }[39m
[31m    ~~~~~~~~~~~~~~~~~~~~~~~~~~~~~~~~~~~~~~~~~~~~[39m
[31m  }[39m
[31m}[39m

[31mArgument `id`: Invalid value provided. Expected String, provided Object.[39m
2024-12-18 11:24:19:2419 [32minfo[39m:
[32m[WINSTON] Request - DELETE /user-project/remove-user[39m
2024-12-18 11:24:19:2419 [31merror[39m:
[31m[39m
[31mInvalid `prisma.userProject.delete()` invocation:[39m


[31mAn operation failed because it depends on one or more records that were required but not found. Record to delete does not exist.[39m
2024-12-18 11:26:13:2613 [32minfo[39m:
[32m[WINSTON] Request - DELETE /user-project/remove-user[39m
2024-12-18 11:26:14:2614 [31merror[39m:
[31m[39m
[31mInvalid `prisma.userProject.delete()` invocation:[39m


[31mAn operation failed because it depends on one or more records that were required but not found. Record to delete does not exist.[39m
2024-12-18 11:26:31:2631 [32minfo[39m:
[32m[WINSTON] Request - DELETE /user-project/remove-user[39m
2024-12-18 15:10:55:1055 [32minfo[39m:
[32m[WINSTON] Request - POST /scheduler[39m
2024-12-18 15:11:08:118 [32minfo[39m:
[32m[WINSTON] Request - POST /auth/scheduler[39m
2024-12-18 15:12:12:1212 [32minfo[39m:
[32m[WINSTON] Request - POST /auth/scheduler[39m
2024-12-18 15:14:13:1413 [32minfo[39m:
[32m[WINSTON] Request - POST /auth/scheduler[39m
2024-12-18 15:14:28:1428 [32minfo[39m:
[32m[WINSTON] Request - POST /auth/scheduler[39m
2024-12-18 15:16:06:166 [32minfo[39m:
[32m[WINSTON] Request - POST /auth/scheduler[39m
2024-12-18 15:17:12:1712 [32minfo[39m:
[32m[WINSTON] Request - POST /auth/scheduler[39m
2024-12-18 15:17:28:1728 [32minfo[39m:
[32m[WINSTON] Request - POST /auth/scheduler[39m
2024-12-18 15:18:10:1810 [32minfo[39m:
[32m[WINSTON] Request - POST /auth/scheduler[39m
2024-12-18 15:18:25:1825 [32minfo[39m:
[32m[WINSTON] Request - POST /auth/scheduler[39m
2024-12-19 16:25:42:2542 [32minfo[39m:
[32m[WINSTON] Request - POST /auth/register[39m
2024-12-19 16:26:20:2620 [32minfo[39m:
[32m[WINSTON] Request - POST /auth/login[39m
2024-12-19 16:29:52:2952 [32minfo[39m:
[32m[WINSTON] Request - POST /auth/login[39m
2024-12-19 16:30:10:3010 [32minfo[39m:
[32m[WINSTON] Request - POST /projects[39m
2024-12-19 16:30:51:3051 [32minfo[39m:
[32m[WINSTON] Request - POST /auth/register[39m
2024-12-19 16:31:35:3135 [32minfo[39m:
[32m[WINSTON] Request - POST /projects/add-user[39m
2024-12-19 16:34:12:3412 [32minfo[39m:
[32m[WINSTON] Request - POST /projects[39m
2024-12-19 16:35:49:3549 [32minfo[39m:
[32m[WINSTON] Request - POST /projects[39m
2024-12-19 16:37:41:3741 [32minfo[39m:
[32m[WINSTON] Request - POST /projects[39m
2024-12-19 16:41:47:4147 [32minfo[39m:
[32m[WINSTON] Request - POST /projects[39m
2024-12-19 16:42:19:4219 [32minfo[39m:
[32m[WINSTON] Request - POST /projects[39m
2024-12-19 16:42:50:4250 [32minfo[39m:
[32m[WINSTON] Request - POST /projects[39m
2024-12-19 16:43:33:4333 [32minfo[39m:
[32m[WINSTON] Request - POST /projects[39m
>>>>>>> Stashed changes
>>>>>>> Stashed changes
